2026.08.28 20:38:15 INFO  Started: Metals version 1.6.8 in folders 'C:\Users\Raghav\OneDrive\Desktop\Projects\ApexQuantum-HFT' for client Visual Studio Code 1.135.0.
2026.08.28 20:38:15 INFO  Memory monitor started
2026.08.28 20:38:16 WARN  Using H2 2.4.240 which is newer than the version Flyway has been verified with. The latest verified version of H2 is 2.3.232.
2026.08.28 20:38:59 WARN  no build target for: C:\Users\Raghav\OneDrive\Desktop\Projects\ApexQuantum-HFT\backend-java\src\main\java\com\apexquantum\Application.java
2026.08.28 20:39:00 WARN  no build target for: C:\Users\Raghav\OneDrive\Desktop\Projects\ApexQuantum-HFT\backend-java\src\main\java\com\apexquantum\config\ServiceConfig.java
2026.08.28 20:39:00 WARN  no build target for: C:\Users\Raghav\OneDrive\Desktop\Projects\ApexQuantum-HFT\backend-java\src\main\java\com\apexquantum\oms\OrderService.java
2026.08.28 20:39:00 WARN  no build target for: C:\Users\Raghav\OneDrive\Desktop\Projects\ApexQuantum-HFT\backend-java\src\main\java\com\apexquantum\risk\PreTradeRiskChecker.java
2026.08.28 20:39:00 WARN  no build target for: C:\Users\Raghav\OneDrive\Desktop\Projects\ApexQuantum-HFT\backend-java\src\main\java\com\apexquantum\ipc\ExecutionEngineClient.java
2026.08.28 20:39:01 WARN  no build target for: C:\Users\Raghav\OneDrive\Desktop\Projects\ApexQuantum-HFT\backend-java\src\test\java\com\apexquantum\ApplicationTest.java
2026.08.28 20:39:01 WARN  no build target for: C:\Users\Raghav\OneDrive\Desktop\Projects\ApexQuantum-HFT\backend-java\src\main\java\com\apexquantum\Application.java
2026.08.28 20:39:01 WARN  no build target for: C:\Users\Raghav\OneDrive\Desktop\Projects\ApexQuantum-HFT\backend-java\src\main\java\com\apexquantum\oms\OrderService.java
2026.08.28 20:39:01 WARN  no build target for: C:\Users\Raghav\OneDrive\Desktop\Projects\ApexQuantum-HFT\backend-java\src\main\java\com\apexquantum\risk\PreTradeRiskChecker.java
2026.08.28 20:39:01 WARN  no build target for: C:\Users\Raghav\OneDrive\Desktop\Projects\ApexQuantum-HFT\backend-java\src\main\java\com\apexquantum\config\ServiceConfig.java
2026.08.28 20:39:01 WARN  no build target for: C:\Users\Raghav\OneDrive\Desktop\Projects\ApexQuantum-HFT\backend-java\src\main\java\com\apexquantum\ipc\ExecutionEngineClient.java
2026.08.28 20:39:01 WARN  no build target for: C:\Users\Raghav\OneDrive\Desktop\Projects\ApexQuantum-HFT\backend-java\src\test\java\com\apexquantum\ApplicationTest.java
2026.08.28 21:00:42 INFO  no build target found for C:\Users\Raghav\OneDrive\Desktop\Projects\ApexQuantum-HFT\backend-java\src\main\java\com\apexquantum\oms\OrderService.java. Using fallback presentation compiler.
2026.08.28 21:00:49 INFO  no build target found for C:\Users\Raghav\OneDrive\Desktop\Projects\ApexQuantum-HFT\backend-java\src\main\java\com\apexquantum\persistence\OrderRecord.java. Using fallback presentation compiler.
2026.08.28 21:00:49 WARN  no build target for: C:\Users\Raghav\OneDrive\Desktop\Projects\ApexQuantum-HFT\backend-java\src\main\java\com\apexquantum\persistence\OrderRecord.java
2026.08.28 21:00:49 INFO  no build target found for C:\Users\Raghav\OneDrive\Desktop\Projects\ApexQuantum-HFT\backend-java\src\main\java\com\apexquantum\persistence\PostgresOrderRepository.java. Using fallback presentation compiler.
2026.08.28 21:00:49 WARN  no build target for: C:\Users\Raghav\OneDrive\Desktop\Projects\ApexQuantum-HFT\backend-java\src\main\java\com\apexquantum\persistence\PostgresOrderRepository.java
2026.08.28 21:01:13 INFO  no build target found for C:\Users\Raghav\OneDrive\Desktop\Projects\ApexQuantum-HFT\backend-java\src\main\java\com\apexquantum\config\ServiceConfig.java. Using fallback presentation compiler.
2026.08.28 21:01:13 WARN  no build target for: C:\Users\Raghav\OneDrive\Desktop\Projects\ApexQuantum-HFT\backend-java\src\main\java\com\apexquantum\config\ServiceConfig.java
2026.08.28 21:01:19 INFO  no build target found for C:\Users\Raghav\OneDrive\Desktop\Projects\ApexQuantum-HFT\backend-java\src\main\java\com\apexquantum\persistence\PostgresOrderRepository.java. Using fallback presentation compiler.
2026.08.28 21:01:19 WARN  no build target for: C:\Users\Raghav\OneDrive\Desktop\Projects\ApexQuantum-HFT\backend-java\src\main\java\com\apexquantum\persistence\PostgresOrderRepository.java
2026.08.28 21:01:22 WARN  no build target for: C:\Users\Raghav\OneDrive\Desktop\Projects\ApexQuantum-HFT\backend-java\src\main\java\com\apexquantum\persistence\OrderRecord.java
2026.08.28 21:01:22 WARN  no build target for: C:\Users\Raghav\OneDrive\Desktop\Projects\ApexQuantum-HFT\backend-java\src\main\java\com\apexquantum\config\ServiceConfig.java
2026.08.28 21:01:22 WARN  no build target for: C:\Users\Raghav\OneDrive\Desktop\Projects\ApexQuantum-HFT\backend-java\src\main\java\com\apexquantum\persistence\PostgresOrderRepository.java
